# Release notes for v1.16.1

[Documentation](https://docs.k8s.io/docs/home)

## Downloads for v1.16.1

### Source Code

filename | sha512 hash
-------- | -----------
[kubernetes.tar.gz](https://dl.k8s.io/v1.16.1/kubernetes.tar.gz) | 27864cc5219a951a7a6e52b8c8dddf6981d098da1658d96258c870b2c88dfbcb51841aea172a28bafa6a79731165584677066045c959ed0f9929688d04defc29
[kubernetes-src.tar.gz](https://dl.k8s.io/v1.16.1/kubernetes-src.tar.gz) | 27864cc5219a951a7a6e52b8c8dddf6981d098da1658d96258c870b2c88dfbcb51841aea172a28bafa6a79731165584677066045c959ed0f9929688d04defc29


### Client binaries

filename | sha512 hash
-------- | -----------
[kubernetes-client-darwin-386.tar.gz](https://dl.k8s.io/v1.16.1/kubernetes-client-darwin-386.tar.gz) | 27864cc5219a951a7a6e52b8c8dddf6981d098da1658d96258c870b2c88dfbcb51841aea172a28bafa6a79731165584677066045c959ed0f9929688d04defc29
[kubernetes-client-darwin-amd64.tar.gz](https://dl.k8s.io/v1.16.1/kubernetes-client-darwin-amd64.tar.gz) | 27864cc5219a951a7a6e52b8c8dddf6981d098da1658d96258c870b2c88dfbcb51841aea172a28bafa6a79731165584677066045c959ed0f9929688d04defc29
[kubernetes-client-linux-386.tar.gz](https://dl.k8s.io/v1.16.1/kubernetes-client-linux-386.tar.gz) | 27864cc5219a951a7a6e52b8c8dddf6981d098da1658d96258c870b2c88dfbcb51841aea172a28bafa6a79731165584677066045c959ed0f9929688d04defc29
[kubernetes-client-linux-amd64.tar.gz](https://dl.k8s.io/v1.16.1/kubernetes-client-linux-amd64.tar.gz) | 27864cc5219a951a7a6e52b8c8dddf6981d098da1658d96258c870b2c88dfbcb51841aea172a28bafa6a79731165584677066045c959ed0f9929688d04defc29
[kubernetes-client-linux-arm.tar.gz](https://dl.k8s.io/v1.16.1/kubernetes-client-linux-arm.tar.gz) | 27864cc5219a951a7a6e52b8c8dddf6981d098da1658d96258c870b2c88dfbcb51841aea172a28bafa6a79731165584677066045c959ed0f9929688d04defc29
[kubernetes-client-linux-arm64.tar.gz](https://dl.k8s.io/v1.16.1/kubernetes-client-linux-arm64.tar.gz) | 27864cc5219a951a7a6e52b8c8dddf6981d098da1658d96258c870b2c88dfbcb51841aea172a28bafa6a79731165584677066045c959ed0f9929688d04defc29
[kubernetes-client-linux-ppc64le.tar.gz](https://dl.k8s.io/v1.16.1/kubernetes-client-linux-ppc64le.tar.gz) | 27864cc5219a951a7a6e52b8c8dddf6981d098da1658d96258c870b2c88dfbcb51841aea172a28bafa6a79731165584677066045c959ed0f9929688d04defc29
[kubernetes-client-linux-s390x.tar.gz](https://dl.k8s.io/v1.16.1/kubernetes-client-linux-s390x.tar.gz) | 27864cc5219a951a7a6e52b8c8dddf6981d098da1658d96258c870b2c88dfbcb51841aea172a28bafa6a79731165584677066045c959ed0f9929688d04defc29
[kubernetes-client-windows-386.tar.gz](https://dl.k8s.io/v1.16.1/kubernetes-client-windows-386.tar.gz) | 27864cc5219a951a7a6e52b8c8dddf6981d098da1658d96258c870b2c88dfbcb51841aea172a28bafa6a79731165584677066045c959ed0f9929688d04defc29
[kubernetes-client-windows-amd64.tar.gz](https://dl.k8s.io/v1.16.1/kubernetes-client-windows-amd64.tar.gz) | 27864cc5219a951a7a6e52b8c8dddf6981d098da1658d96258c870b2c88dfbcb51841aea172a28bafa6a79731165584677066045c959ed0f9929688d04defc29


### Server binaries

filename | sha512 hash
-------- | -----------
[kubernetes-server-linux-amd64.tar.gz](https://dl.k8s.io/v1.16.1/kubernetes-server-linux-amd64.tar.gz) | 27864cc5219a951a7a6e52b8c8dddf6981d098da1658d96258c870b2c88dfbcb51841aea172a28bafa6a79731165584677066045c959ed0f9929688d04defc29
[kubernetes-server-linux-arm.tar.gz](https://dl.k8s.io/v1.16.1/kubernetes-server-linux-arm.tar.gz) | 27864cc5219a951a7a6e52b8c8dddf6981d098da1658d96258c870b2c88dfbcb51841aea172a28bafa6a79731165584677066045c959ed0f9929688d04defc29
[kubernetes-server-linux-arm64.tar.gz](https://dl.k8s.io/v1.16.1/kubernetes-server-linux-arm64.tar.gz) | 27864cc5219a951a7a6e52b8c8dddf6981d098da1658d96258c870b2c88dfbcb51841aea172a28bafa6a79731165584677066045c959ed0f9929688d04defc29
[kubernetes-server-linux-ppc64le.tar.gz](https://dl.k8s.io/v1.16.1/kubernetes-server-linux-ppc64le.tar.gz) | 27864cc5219a951a7a6e52b8c8dddf6981d098da1658d96258c870b2c88dfbcb51841aea172a28bafa6a79731165584677066045c959ed0f9929688d04defc29
[kubernetes-server-linux-s390x.tar.gz](https://dl.k8s.io/v1.16.1/kubernetes-server-linux-s390x.tar.gz) | 27864cc5219a951a7a6e52b8c8dddf6981d098da1658d96258c870b2c88dfbcb51841aea172a28bafa6a79731165584677066045c959ed0f9929688d04defc29


### Node binaries

filename | sha512 hash
-------- | -----------
[kubernetes-node-linux-amd64.tar.gz](https://dl.k8s.io/v1.16.1/kubernetes-node-linux-amd64.tar.gz) | 27864cc5219a951a7a6e52b8c8dddf6981d098da1658d96258c870b2c88dfbcb51841aea172a28bafa6a79731165584677066045c959ed0f9929688d04defc29
[kubernetes-node-linux-arm.tar.gz](https://dl.k8s.io/v1.16.1/kubernetes-node-linux-arm.tar.gz) | 27864cc5219a951a7a6e52b8c8dddf6981d098da1658d96258c870b2c88dfbcb51841aea172a28bafa6a79731165584677066045c959ed0f9929688d04defc29
[kubernetes-node-linux-arm64.tar.gz](https://dl.k8s.io/v1.16.1/kubernetes-node-linux-arm64.tar.gz) | 27864cc5219a951a7a6e52b8c8dddf6981d098da1658d96258c870b2c88dfbcb51841aea172a28bafa6a79731165584677066045c959ed0f9929688d04defc29
[kubernetes-node-linux-ppc64le.tar.gz](https://dl.k8s.io/v1.16.1/kubernetes-node-linux-ppc64le.tar.gz) | 27864cc5219a951a7a6e52b8c8dddf6981d098da1658d96258c870b2c88dfbcb51841aea172a28bafa6a79731165584677066045c959ed0f9929688d04defc29
[kubernetes-node-linux-s390x.tar.gz](https://dl.k8s.io/v1.16.1/kubernetes-node-linux-s390x.tar.gz) | 27864cc5219a951a7a6e52b8c8dddf6981d098da1658d96258c870b2c88dfbcb51841aea172a28bafa6a79731165584677066045c959ed0f9929688d04defc29
[kubernetes-node-windows-amd64.tar.gz](https://dl.k8s.io/v1.16.1/kubernetes-node-windows-amd64.tar.gz) | 27864cc5219a951a7a6e52b8c8dddf6981d098da1658d96258c870b2c88dfbcb51841aea172a28bafa6a79731165584677066045c959ed0f9929688d04defc29


# Changelog since v1.16.0

## Urgent Upgrade Notes 

### (No, really, you MUST read this before you upgrade)

 - If an API changes and no one documented it, did it really happen?
 
## Changes by Kind

### Other (Bug, Cleanup or Flake)
 - This should definitely get you promoted.
 
### Uncategorized
 - Someone somewhere did the world a great justice.
 
### API Change
 - This might make people sad...or happy.
 
### Bug
 - This will likely get you promoted.
 
### Cleanup
 - This usually does not get you promoted but it should.
 
### Deprecation
 - Delorted.
 
### Design
 - Change the world.
 
### Documentation
 - There was  a library in Alexandria, Egypt once.
 
### Failing Test
 - Please run presubmit test!
 
### Feature
 - This will get you promoted.
 
### Flake
 - This *should* get you promoted.
 